// Jest Snapshot v1, https://goo.gl/fbAQLP

exports[`App - Snapshot renders a complete sequence of passages 1`] = `
<div
  className="App"
>
  <div
    className="Passage"
  >
    <div>
      <span
        className="cycle"
        onClick={[Function]}
      >
        
        As the days drift
        
        
        
      </span>
    </div>
    <div>
      <div
        className="response"
        onClick={[Function]}
      >
        It had been years
      </div>
    </div>
  </div>
</div>
`;
