// Jest Snapshot v1, https://goo.gl/fbAQLP

exports[`CycleSpanList - Snapshot renders with a complete data passage 1`] = `
<div>
  <span
    className="cycle"
  />
  <span
    className="cycle"
  />
  <span
    className="cycle"
  />
  <span
    className="cycle"
  />
  <span
    className="cycle"
  />
</div>
`;
