// Jest Snapshot v1, https://goo.gl/fbAQLP

exports[`Passage - Render renders with a complete data passage 1`] = `
<div>
  <div>
    <span
      className="cycle"
    />
    <span
      className="cycle"
    />
    <span
      className="cycle"
    />
    <span
      className="cycle"
    />
    <span
      className="cycle"
    />
  </div>
</div>
`;
